[master (root-commit) 7e2c58b] test file
 Committer: Donisha Greet <Donisha Greet>
Your name and email address were configured automatically based
on your username and hostname. Please check that they are accurate.
You can suppress this message by setting them explicitly. Run the
following command and follow the instructions in your editor to edit
your configuration file:

    git config --global --edit

After doing this, you may fix the identity used for this commit with:

    git commit --amend --reset-author

 1 file changed, 1 insertion(+)
 create mode 100644 doni1.txt

E:\Learning\MyGitWorkspace>git status
On branch master
nothing to commit, working directory clean

E:\Learning\MyGitWorkspace>git remote -u origin https://github.com/donishagreet/DonishaWorkspace.git
error: unknown switch `u'
usage: git remote [-v | --verbose]
   or: git remote add [-t <branch>] [-m <master>] [-f] [--tags | --no-tags] [--mirror=<fetch|push>] <name> <url>
   or: git remote rename <old> <new>
   or: git remote remove <name>
   or: git remote set-head <name> (-a | --auto | -d | --delete | <branch>)
   or: git remote [-v | --verbose] show [-n] <name>
   or: git remote prune [-n | --dry-run] <name>
   or: git remote [-v | --verbose] update [-p | --prune] [(<group> | <remote>)...]
   or: git remote set-branches [--add] <name> <branch>...
   or: git remote get-url [--push] [--all] <name>
   or: git remote set-url [--push] <name> <newurl> [<oldurl>]
   or: git remote set-url --add <name> <newurl>
   or: git remote set-url --delete <name> <url>

    -v, --verbose         be verbose; must be placed before a subcommand


E:\Learning\MyGitWorkspace>git config --global user.email "donishagreet@gmail.com"

E:\Learning\MyGitWorkspace>git config --global user.name "donishagreet"

E:\Learning\MyGitWorkspace>git remote add origin https://github.com/donishagreet/DonishaWorkspace.git

E:\Learning\MyGitWorkspace>git push -u origin master
To https://github.com/donishagreet/DonishaWorkspace.git
 ! [rejected]        master -> master (fetch first)
error: failed to push some refs to 'https://github.com/donishagreet/DonishaWorkspace.git'
hint: Updates were rejected because the remote contains work that you do
hint: not have locally. This is usually caused by another repository pushing
hint: to the same ref. You may want to first integrate the remote changes
hint: (e.g., 'git pull ...') before pushing again.
hint: See the 'Note about fast-forwards' in 'git push --help' for details.

E:\Learning\MyGitWorkspace>git status
On branch master
nothing to commit, working directory clean

E:\Learning\MyGitWorkspace>git add .

E:\Learning\MyGitWorkspace>git status
On branch master
nothing to commit, working directory clean

E:\Learning\MyGitWorkspace>git checkout master
Already on 'master'

E:\Learning\MyGitWorkspace>git status
On branch master
nothing to commit, working directory clean

E:\Learning\MyGitWorkspace>git fetch origin master
warning: no common commits
remote: Counting objects: 10, done.
remote: Total 10 (delta 0), reused 0 (delta 0), pack-reused 10
Unpacking objects: 100% (10/10), done.
From https://github.com/donishagreet/DonishaWorkspace
 * branch            master     -> FETCH_HEAD
 * [new branch]      master     -> origin/master

E:\Learning\MyGitWorkspace>git merge origin master
merge: origin - not something we can merge

E:\Learning\MyGitWorkspace>git pull -u origin master
error: unknown switch `u'
usage: git pull [<options>] [<repository> [<refspec>...]]

    -v, --verbose         be more verbose
    -q, --quiet           be more quiet
    --progress            force progress reporting

Options related to merging
    -r, --rebase[=<false|true|preserve|interactive>]
                          incorporate changes by rebasing rather than merging
    -n                    do not show a diffstat at the end of the merge
    --stat                show a diffstat at the end of the merge
    --log[=<n>]           add (at most <n>) entries from shortlog to merge commit message
    --squash              create a single commit instead of doing a merge
    --commit              perform a commit if the merge succeeds (default)
    --edit                edit message before committing
    --ff                  allow fast-forward
    --ff-only             abort if fast-forward is not possible
    --verify-signatures   verify that the named commit has a valid GPG signature
    --autostash           automatically stash/stash pop before and after rebase
    -s, --strategy <strategy>
                          merge strategy to use
    -X, --strategy-option <option=value>
                          option for selected merge strategy
    -S, --gpg-sign[=<key-id>]
                          GPG sign commit
    --allow-unrelated-histories
                          allow merging unrelated histories

Options related to fetching
    --all                 fetch from all remotes
    -a, --append          append to .git/FETCH_HEAD instead of overwriting
    --upload-pack <path>  path to upload pack on remote end
    -f, --force           force overwrite of local branch
    -t, --tags            fetch all tags and associated objects
    -p, --prune           prune remote-tracking branches no longer on remote
    --recurse-submodules[=<on-demand>]
                          control recursive fetching of submodules
    -j, --jobs[=<n>]      number of submodules pulled in parallel
    --dry-run             dry run
    -k, --keep            keep downloaded pack
    --depth <depth>       deepen history of shallow clone
    --unshallow           convert to a complete repository
    --update-shallow      accept refs that update .git/shallow
    --refmap <refmap>     specify fetch refmap


E:\Learning\MyGitWorkspace>git fetch origin master:tmp
From https://github.com/donishagreet/DonishaWorkspace
 * [new branch]      master     -> tmp

E:\Learning\MyGitWorkspace>git rebase tmp
First, rewinding head to replay your work on top of it...
Applying: test file

E:\Learning\MyGitWorkspace>git fetch origin HEAD:master
fatal: Refusing to fetch into current branch refs/heads/master of non-bare repository

E:\Learning\MyGitWorkspace>git push origin HEAD:master
Counting objects: 3, done.
Delta compression using up to 4 threads.
Compressing objects: 100% (2/2), done.
Writing objects: 100% (3/3), 302 bytes | 0 bytes/s, done.
Total 3 (delta 1), reused 0 (delta 0)
remote: Resolving deltas: 100% (1/1), completed with 1 local object.
To https://github.com/donishagreet/DonishaWorkspace.git
   6173a97..6f8a9f2  HEAD -> master

E:\Learning\MyGitWorkspace>git branch -D tmp
Deleted branch tmp (was 6173a97).

E:\Learning\MyGitWorkspace>git status
On branch master
Changes not staged for commit:
  (use "git add <file>..." to update what will be committed)
  (use "git checkout -- <file>..." to discard changes in working directory)

        modified:   doni1.txt

no changes added to commit (use "git add" and/or "git commit -a")

E:\Learning\MyGitWorkspace>git add .

E:\Learning\MyGitWorkspace>git commit -m "modified"
[master d12b5e6] modified
 1 file changed, 2 insertions(+), 1 deletion(-)

E:\Learning\MyGitWorkspace>git status
On branch master
nothing to commit, working directory clean

E:\Learning\MyGitWorkspace>git push -u origin master
Counting objects: 3, done.
Delta compression using up to 4 threads.
Compressing objects: 100% (2/2), done.
Writing objects: 100% (3/3), 283 bytes | 0 bytes/s, done.
Total 3 (delta 1), reused 0 (delta 0)
remote: Resolving deltas: 100% (1/1), completed with 1 local object.
To https://github.com/donishagreet/DonishaWorkspace.git
   6f8a9f2..d12b5e6  master -> master
Branch master set up to track remote branch master from origin.

E:\Learning\MyGitWorkspace>git add .

E:\Learning\MyGitWorkspace>git commit -m "modified another file"
[master 4ffb930] modified another file
 1 file changed, 1 insertion(+)

E:\Learning\MyGitWorkspace>git sttaus
git: 'sttaus' is not a git command. See 'git --help'.

Did you mean this?
        status

E:\Learning\MyGitWorkspace>git status
On branch master
Your branch is ahead of 'origin/master' by 1 commit.
  (use "git push" to publish your local commits)
nothing to commit, working directory clean

E:\Learning\MyGitWorkspace>git push -u origin master
Counting objects: 3, done.
Delta compression using up to 4 threads.
Compressing objects: 100% (2/2), done.
Writing objects: 100% (3/3), 273 bytes | 0 bytes/s, done.
Total 3 (delta 1), reused 0 (delta 0)
remote: Resolving deltas: 100% (1/1), completed with 1 local object.
To https://github.com/donishagreet/DonishaWorkspace.git
   d12b5e6..4ffb930  master -> master
Branch master set up to track remote branch master from origin.

E:\Learning\MyGitWorkspace>git branch devstream

E:\Learning\MyGitWorkspace>git checkout devstream

E:\Learning\MyGitWorkspace>git status
On branch master
Your branch is up-to-date with 'origin/master'.
nothing to commit, working directory clean

E:\Learning\MyGitWorkspace>git checkout devstream
Switched to branch 'devstream'

E:\Learning\MyGitWorkspace>git status
On branch devstream
nothing to commit, working directory clean

E:\Learning\MyGitWorkspace>git merge master
Already up-to-date.

E:\Learning\MyGitWorkspace>git merge devstream
Already up-to-date.

E:\Learning\MyGitWorkspace>git merge master
Already up-to-date.

E:\Learning\MyGitWorkspace>git add .

E:\Learning\MyGitWorkspace>git status
On branch devstream
Changes to be committed:
  (use "git reset HEAD <file>..." to unstage)

        new file:   aa.txt


E:\Learning\MyGitWorkspace>git commit -m "new branch chkin"
[devstream ee417e6] new branch chkin
 1 file changed, 1 insertion(+)
 create mode 100644 aa.txt

E:\Learning\MyGitWorkspace>git status
On branch devstream
nothing to commit, working directory clean

E:\Learning\MyGitWorkspace>git merge master
Already up-to-date.

E:\Learning\MyGitWorkspace>git push -u origin devstream
Counting objects: 3, done.
Delta compression using up to 4 threads.
Compressing objects: 100% (2/2), done.
Writing objects: 100% (3/3), 272 bytes | 0 bytes/s, done.
Total 3 (delta 1), reused 0 (delta 0)
remote: Resolving deltas: 100% (1/1), completed with 1 local object.
To https://github.com/donishagreet/DonishaWorkspace.git
 * [new branch]      devstream -> devstream
Branch devstream set up to track remote branch devstream from origin.

E:\Learning\MyGitWorkspace>git merge master
Already up-to-date.

E:\Learning\MyGitWorkspace>git checkout master
Switched to branch 'master'
Your branch is up-to-date with 'origin/master'.

E:\Learning\MyGitWorkspace>git merge master
Already up-to-date.

E:\Learning\MyGitWorkspace>git merge devstream
Updating 4ffb930..ee417e6
Fast-forward
 aa.txt | 1 +
 1 file changed, 1 insertion(+)
 create mode 100644 aa.txt

E:\Learning\MyGitWorkspace>git branch -D devstream
Deleted branch devstream (was ee417e6).

E:\Learning\MyGitWorkspace>git push origin --delete devstream
To https://github.com/donishagreet/DonishaWorkspace.git
 - [deleted]         devstream

E:\Learning\MyGitWorkspace>